T01: 1/1 matched published 483 compared with S1 rows and S2.R corpus; t = 482 in code
T03: 1/1 matched 
    column from_s1_total_column implied_by_published_table1
1  bigrams                 2513                        2516
2 trigrams                 4961                        4962
  implied_by_reproduction
1                    2513
2                    4961
T04: 122/130 matched 63 frequency levels, 55 n cells, 4 totals
T05: 3/3 matched two counts plus the ~9% share (44/483 = 9.11%)
T06: 1/1 matched frequency 28 and rank 3
T07: 128/128 matched labels; bar order matches at 128/128 positions
T08: 3/3 matched counts 0/1/9; names checked separately (C5 C12 unnamed in text)
T09: 1/1 matched 
T10: 18/18 matched 
T11: NA/32 matched aid cells with single-culture box (observed > 2): purple 6, red 5, yellow 21 - compared visually
T12: 50/50 matched type compared as S1 Material + Artefact type, case-insensitive
T13: 2/2 matched count 10; 9 axes + 1 shaft
T14: 10/10 matched pie compositions; positions compared visually; patches untestable
T15: 1601/1601 matched exact 1601; max relative difference 0
compare.R completed
